// Jest Snapshot v1, https://goo.gl/fbAQLP

exports[`<DiffEquationGrapher/> should solve on differential eqn and presnet a chart 1`] = `
<div>
  <div>
    <LineChart
      EulerData={
        Array [
          Object {
            "x": -12,
            "y": 65.63,
          },
          Object {
            "x": -11.5,
            "y": 137.63,
          },
          Object {
            "x": -11,
            "y": 203.75,
          },
          Object {
            "x": -10.5,
            "y": 264.25,
          },
          Object {
            "x": -10,
            "y": 319.38,
          },
          Object {
            "x": -9.5,
            "y": 369.38,
          },
          Object {
            "x": -9,
            "y": 414.5,
          },
          Object {
            "x": -8.5,
            "y": 455,
          },
          Object {
            "x": -8,
            "y": 491.13,
          },
          Object {
            "x": -7.5,
            "y": 523.13,
          },
          Object {
            "x": -7,
            "y": 551.25,
          },
          Object {
            "x": -6.5,
            "y": 575.75,
          },
          Object {
            "x": -6,
            "y": 596.88,
          },
          Object {
            "x": -5.5,
            "y": 614.88,
          },
          Object {
            "x": -5,
            "y": 630,
          },
          Object {
            "x": -4.5,
            "y": 642.5,
          },
          Object {
            "x": -4,
            "y": 652.63,
          },
          Object {
            "x": -3.5,
            "y": 660.63,
          },
          Object {
            "x": -3,
            "y": 666.75,
          },
          Object {
            "x": -2.5,
            "y": 671.25,
          },
          Object {
            "x": -2,
            "y": 674.38,
          },
          Object {
            "x": -1.5,
            "y": 676.38,
          },
          Object {
            "x": -1,
            "y": 677.5,
          },
          Object {
            "x": -0.5,
            "y": 678,
          },
          Object {
            "x": 0,
            "y": 678.13,
          },
          Object {
            "x": 0.5,
            "y": 678.13,
          },
          Object {
            "x": 1,
            "y": 678.25,
          },
          Object {
            "x": 1.5,
            "y": 678.75,
          },
          Object {
            "x": 2,
            "y": 679.88,
          },
          Object {
            "x": 2.5,
            "y": 681.88,
          },
          Object {
            "x": 3,
            "y": 685,
          },
          Object {
            "x": 3.5,
            "y": 689.5,
          },
          Object {
            "x": 4,
            "y": 695.63,
          },
          Object {
            "x": 4.5,
            "y": 703.63,
          },
          Object {
            "x": 5,
            "y": 713.75,
          },
          Object {
            "x": 5.5,
            "y": 726.25,
          },
          Object {
            "x": 6,
            "y": 741.38,
          },
          Object {
            "x": 6.5,
            "y": 759.38,
          },
          Object {
            "x": 7,
            "y": 780.5,
          },
          Object {
            "x": 7.5,
            "y": 805,
          },
          Object {
            "x": 8,
            "y": 833.13,
          },
          Object {
            "x": 8.5,
            "y": 865.13,
          },
          Object {
            "x": 9,
            "y": 901.25,
          },
          Object {
            "x": 9.5,
            "y": 941.75,
          },
          Object {
            "x": 10,
            "y": 986.88,
          },
          Object {
            "x": 10.5,
            "y": 1036.88,
          },
          Object {
            "x": 11,
            "y": 1092,
          },
          Object {
            "x": 11.5,
            "y": 1152.5,
          },
          Object {
            "x": 12,
            "y": 1218.63,
          },
          Object {
            "x": 12.5,
            "y": 1290.63,
          },
        ]
      }
      LineNames={
        Array [
          "Euler",
          "Midpoint",
          "Runge Kutta",
        ]
      }
      MidpointData={
        Array [
          Object {
            "x": -12,
            "y": 62.53,
          },
          Object {
            "x": -11.5,
            "y": 131.56,
          },
          Object {
            "x": -11,
            "y": 194.84,
          },
          Object {
            "x": -10.5,
            "y": 252.63,
          },
          Object {
            "x": -10,
            "y": 305.16,
          },
          Object {
            "x": -9.5,
            "y": 352.69,
          },
          Object {
            "x": -9,
            "y": 395.47,
          },
          Object {
            "x": -8.5,
            "y": 433.75,
          },
          Object {
            "x": -8,
            "y": 467.78,
          },
          Object {
            "x": -7.5,
            "y": 497.81,
          },
          Object {
            "x": -7,
            "y": 524.09,
          },
          Object {
            "x": -6.5,
            "y": 546.88,
          },
          Object {
            "x": -6,
            "y": 566.41,
          },
          Object {
            "x": -5.5,
            "y": 582.94,
          },
          Object {
            "x": -5,
            "y": 596.72,
          },
          Object {
            "x": -4.5,
            "y": 608,
          },
          Object {
            "x": -4,
            "y": 617.03,
          },
          Object {
            "x": -3.5,
            "y": 624.06,
          },
          Object {
            "x": -3,
            "y": 629.34,
          },
          Object {
            "x": -2.5,
            "y": 633.13,
          },
          Object {
            "x": -2,
            "y": 635.66,
          },
          Object {
            "x": -1.5,
            "y": 637.19,
          },
          Object {
            "x": -1,
            "y": 637.97,
          },
          Object {
            "x": -0.5,
            "y": 638.25,
          },
          Object {
            "x": 0,
            "y": 638.28,
          },
          Object {
            "x": 0.5,
            "y": 638.31,
          },
          Object {
            "x": 1,
            "y": 638.59,
          },
          Object {
            "x": 1.5,
            "y": 639.38,
          },
          Object {
            "x": 2,
            "y": 640.91,
          },
          Object {
            "x": 2.5,
            "y": 643.44,
          },
          Object {
            "x": 3,
            "y": 647.22,
          },
          Object {
            "x": 3.5,
            "y": 652.5,
          },
          Object {
            "x": 4,
            "y": 659.53,
          },
          Object {
            "x": 4.5,
            "y": 668.56,
          },
          Object {
            "x": 5,
            "y": 679.84,
          },
          Object {
            "x": 5.5,
            "y": 693.63,
          },
          Object {
            "x": 6,
            "y": 710.16,
          },
          Object {
            "x": 6.5,
            "y": 729.69,
          },
          Object {
            "x": 7,
            "y": 752.47,
          },
          Object {
            "x": 7.5,
            "y": 778.75,
          },
          Object {
            "x": 8,
            "y": 808.78,
          },
          Object {
            "x": 8.5,
            "y": 842.81,
          },
          Object {
            "x": 9,
            "y": 881.09,
          },
          Object {
            "x": 9.5,
            "y": 923.88,
          },
          Object {
            "x": 10,
            "y": 971.41,
          },
          Object {
            "x": 10.5,
            "y": 1023.94,
          },
          Object {
            "x": 11,
            "y": 1081.72,
          },
          Object {
            "x": 11.5,
            "y": 1145,
          },
          Object {
            "x": 12,
            "y": 1214.03,
          },
          Object {
            "x": 12.5,
            "y": 1289.06,
          },
        ]
      }
      RungeKuttaData={
        Array [
          Object {
            "x": -12,
            "y": 62.54,
          },
          Object {
            "x": -11.5,
            "y": 131.58,
          },
          Object {
            "x": -11,
            "y": 194.88,
          },
          Object {
            "x": -10.5,
            "y": 252.67,
          },
          Object {
            "x": -10,
            "y": 305.21,
          },
          Object {
            "x": -9.5,
            "y": 352.75,
          },
          Object {
            "x": -9,
            "y": 395.54,
          },
          Object {
            "x": -8.5,
            "y": 433.83,
          },
          Object {
            "x": -8,
            "y": 467.88,
          },
          Object {
            "x": -7.5,
            "y": 497.92,
          },
          Object {
            "x": -7,
            "y": 524.21,
          },
          Object {
            "x": -6.5,
            "y": 547,
          },
          Object {
            "x": -6,
            "y": 566.54,
          },
          Object {
            "x": -5.5,
            "y": 583.08,
          },
          Object {
            "x": -5,
            "y": 596.88,
          },
          Object {
            "x": -4.5,
            "y": 608.17,
          },
          Object {
            "x": -4,
            "y": 617.21,
          },
          Object {
            "x": -3.5,
            "y": 624.25,
          },
          Object {
            "x": -3,
            "y": 629.54,
          },
          Object {
            "x": -2.5,
            "y": 633.33,
          },
          Object {
            "x": -2,
            "y": 635.88,
          },
          Object {
            "x": -1.5,
            "y": 637.42,
          },
          Object {
            "x": -1,
            "y": 638.21,
          },
          Object {
            "x": -0.5,
            "y": 638.5,
          },
          Object {
            "x": 0,
            "y": 638.54,
          },
          Object {
            "x": 0.5,
            "y": 638.58,
          },
          Object {
            "x": 1,
            "y": 638.88,
          },
          Object {
            "x": 1.5,
            "y": 639.67,
          },
          Object {
            "x": 2,
            "y": 641.21,
          },
          Object {
            "x": 2.5,
            "y": 643.75,
          },
          Object {
            "x": 3,
            "y": 647.54,
          },
          Object {
            "x": 3.5,
            "y": 652.83,
          },
          Object {
            "x": 4,
            "y": 659.88,
          },
          Object {
            "x": 4.5,
            "y": 668.92,
          },
          Object {
            "x": 5,
            "y": 680.21,
          },
          Object {
            "x": 5.5,
            "y": 694,
          },
          Object {
            "x": 6,
            "y": 710.54,
          },
          Object {
            "x": 6.5,
            "y": 730.08,
          },
          Object {
            "x": 7,
            "y": 752.88,
          },
          Object {
            "x": 7.5,
            "y": 779.17,
          },
          Object {
            "x": 8,
            "y": 809.21,
          },
          Object {
            "x": 8.5,
            "y": 843.25,
          },
          Object {
            "x": 9,
            "y": 881.54,
          },
          Object {
            "x": 9.5,
            "y": 924.33,
          },
          Object {
            "x": 10,
            "y": 971.88,
          },
          Object {
            "x": 10.5,
            "y": 1024.42,
          },
          Object {
            "x": 11,
            "y": 1082.21,
          },
          Object {
            "x": 11.5,
            "y": 1145.5,
          },
          Object {
            "x": 12,
            "y": 1214.54,
          },
          Object {
            "x": 12.5,
            "y": 1289.58,
          },
        ]
      }
      axisNames={
        Array [
          "x",
          "y",
        ]
      }
      eqn="x^2"
      horizontalAlign="left"
      verticalAlign="center"
    />
  </div>
</div>
`;
